{"version":8,"type":"context-options","origin":"library","browserName":"chromium","playwrightVersion":"1.61.1","options":{"noDefaultViewport":false,"viewport":{"width":1280,"height":720},"ignoreHTTPSErrors":false,"javaScriptEnabled":true,"bypassCSP":false,"userAgent":"Mozilla/5.0 (Windows NT 10.0; Win64; x64) AppleWebKit/537.36 (KHTML, like Gecko) Chrome/149.0.7827.55 Safari/537.36","locale":"en-US","offline":false,"deviceScaleFactor":1,"isMobile":false,"hasTouch":false,"colorScheme":"light","acceptDownloads":"accept","baseURL":"http://localhost:9002","recordVideo":{"dir":"K:\\Project\\Kanaku\\quality\\e2e\\screenshots\\.playwright-artifacts-4"},"serviceWorkers":"allow","selectorEngines":[],"testIdAttributeName":"data-testid"},"platform":"win32","wallTime":1784017084487,"monotonicTime":747843.973,"sdkLanguage":"javascript","testIdAttributeName":"data-testid","contextId":"browser-context@5fc138ba49566c0d4f58494abe56fdf5","title":"09-pom-regression.spec.ts:321 › Kanaku/Finora - Comprehensive Playwright POM & Regression Test Suite › 09. Regression - Add Loan Navigation & Redirection Bug"}
{"type":"before","callId":"call@6","startTime":747868.636,"class":"BrowserContext","method":"newPage","params":{},"stepId":"pw:api@33"}
{"type":"event","time":748401.965,"class":"BrowserContext","method":"page","params":{"pageId":"page@73ebdceec9b0d20b8f761fd6d5fbfca9"}}
{"type":"after","callId":"call@6","endTime":748402.611,"result":{"page":"<Page>"}}
{"type":"before","callId":"call@8","startTime":748422.49,"class":"Page","method":"setViewportSize","params":{"viewportSize":{"width":375,"height":812}},"stepId":"pw:api@34","pageId":"page@73ebdceec9b0d20b8f761fd6d5fbfca9","beforeSnapshot":"before@call@8"}
{"type":"frame-snapshot","snapshot":{"callId":"call@8","snapshotName":"before@call@8","pageId":"page@73ebdceec9b0d20b8f761fd6d5fbfca9","frameId":"frame@68fd99824f759eb0a3b0144da969d374","frameUrl":"about:blank","html":["HTML",{},["HEAD",{},["BASE",{"href":"about:blank"}]],["BODY"]],"viewport":{"width":1280,"height":720},"timestamp":748441.216,"wallTime":1784017085083,"collectionTime":7,"resourceOverrides":[],"isMainFrame":true}}
{"type":"after","callId":"call@8","endTime":748559.984,"afterSnapshot":"after@call@8"}
{"type":"frame-snapshot","snapshot":{"callId":"call@8","snapshotName":"after@call@8","pageId":"page@73ebdceec9b0d20b8f761fd6d5fbfca9","frameId":"frame@68fd99824f759eb0a3b0144da969d374","frameUrl":"about:blank","html":[[1,3]],"viewport":{"width":375,"height":812},"timestamp":748582.615,"wallTime":1784017085215,"collectionTime":1.5,"resourceOverrides":[],"isMainFrame":true}}
{"type":"before","callId":"call@10","startTime":748621.687,"class":"APIRequestContext","method":"fetch","params":{"url":"http://localhost:3000/api/v1/auth/login/challenge","method":"POST","headers":[{"name":"x-pw-encoding","value":"sha256"},{"name":"Content-Type","value":"application/json"}],"jsonData":"{\"email\":\"arjun.test@kanaku.app\",\"password\":\"39f0d0e9cdfb1e9768b143afc148eba1d1284604f8a6b9851314567e1f967d0b\"}","timeout":15000},"stepId":"pw:api@35"}
{"type":"log","callId":"call@10","time":748685.769,"message":"→ POST http://localhost:3000/api/v1/auth/login/challenge"}
{"type":"log","callId":"call@10","time":748686.098,"message":"  user-agent: Mozilla/5.0 (Windows NT 10.0; Win64; x64) AppleWebKit/537.36 (KHTML, like Gecko) Chrome/149.0.7827.55 Safari/537.36"}
{"type":"log","callId":"call@10","time":748686.154,"message":"  accept: */*"}
{"type":"log","callId":"call@10","time":748686.192,"message":"  accept-encoding: gzip,deflate,br"}
{"type":"log","callId":"call@10","time":748686.231,"message":"  x-pw-encoding: sha256"}
{"type":"log","callId":"call@10","time":748686.269,"message":"  Content-Type: application/json"}
{"type":"log","callId":"call@10","time":748686.306,"message":"  content-length: 111"}
{"type":"screencast-frame","pageId":"page@73ebdceec9b0d20b8f761fd6d5fbfca9","sha1":"page@73ebdceec9b0d20b8f761fd6d5fbfca9-1784017085728.jpeg","width":375,"height":812,"timestamp":749084.935,"frameSwapWallTime":1784017085722.2239}
{"type":"log","callId":"call@10","time":749647.058,"message":"← 401 Unauthorized"}
{"type":"log","callId":"call@10","time":749647.132,"message":"  x-request-id: 5f5872d8-36f8-4247-97af-cf54c3a9a4f3"}
{"type":"log","callId":"call@10","time":749647.188,"message":"  content-security-policy: default-src 'self';style-src 'self' 'unsafe-inline' https://fonts.googleapis.com;script-src 'self' 'unsafe-inline' 'unsafe-eval';font-src 'self' data: https://fonts.gstatic.com;img-src 'self' data: blob: https://*.supabase.co;connect-src 'self' https://*.supabase.co wss: https:;object-src 'none';frame-ancestors 'none';base-uri 'self';form-action 'self';script-src-attr 'none';upgrade-insecure-requests"}
{"type":"log","callId":"call@10","time":749647.22,"message":"  cross-origin-opener-policy: same-origin"}
{"type":"log","callId":"call@10","time":749647.236,"message":"  cross-origin-resource-policy: same-origin"}
{"type":"log","callId":"call@10","time":749647.249,"message":"  origin-agent-cluster: ?1"}
{"type":"log","callId":"call@10","time":749647.262,"message":"  referrer-policy: strict-origin-when-cross-origin"}
{"type":"log","callId":"call@10","time":749647.275,"message":"  x-content-type-options: nosniff"}
{"type":"log","callId":"call@10","time":749647.288,"message":"  x-dns-prefetch-control: off"}
{"type":"log","callId":"call@10","time":749647.301,"message":"  x-download-options: noopen"}
{"type":"log","callId":"call@10","time":749647.314,"message":"  x-frame-options: SAMEORIGIN"}
{"type":"log","callId":"call@10","time":749647.384,"message":"  x-permitted-cross-domain-policies: none"}
{"type":"log","callId":"call@10","time":749647.399,"message":"  x-xss-protection: 0"}
{"type":"log","callId":"call@10","time":749647.412,"message":"  vary: Origin"}
{"type":"log","callId":"call@10","time":749647.425,"message":"  access-control-allow-credentials: true"}
{"type":"log","callId":"call@10","time":749647.438,"message":"  content-type: application/json; charset=utf-8"}
{"type":"log","callId":"call@10","time":749647.452,"message":"  content-length: 181"}
{"type":"log","callId":"call@10","time":749647.465,"message":"  etag: W/\"b5-vnVOcj4spIJCf9QtUUy7roS93nA\""}
{"type":"log","callId":"call@10","time":749647.48,"message":"  date: Tue, 14 Jul 2026 08:18:06 GMT"}
{"type":"log","callId":"call@10","time":749647.493,"message":"  connection: keep-alive"}
{"type":"log","callId":"call@10","time":749647.506,"message":"  keep-alive: timeout=5"}
{"type":"after","callId":"call@10","endTime":749648.002,"result":{"response":{"url":"http://localhost:3000/api/v1/auth/login/challenge","status":401,"statusText":"Unauthorized","headers":[{"name":"X-Request-Id","value":"5f5872d8-36f8-4247-97af-cf54c3a9a4f3"},{"name":"Content-Security-Policy","value":"default-src 'self';style-src 'self' 'unsafe-inline' https://fonts.googleapis.com;script-src 'self' 'unsafe-inline' 'unsafe-eval';font-src 'self' data: https://fonts.gstatic.com;img-src 'self' data: blob: https://*.supabase.co;connect-src 'self' https://*.supabase.co wss: https:;object-src 'none';frame-ancestors 'none';base-uri 'self';form-action 'self';script-src-attr 'none';upgrade-insecure-requests"},{"name":"Cross-Origin-Opener-Policy","value":"same-origin"},{"name":"Cross-Origin-Resource-Policy","value":"same-origin"},{"name":"Origin-Agent-Cluster","value":"?1"},{"name":"Referrer-Policy","value":"strict-origin-when-cross-origin"},{"name":"X-Content-Type-Options","value":"nosniff"},{"name":"X-DNS-Prefetch-Control","value":"off"},{"name":"X-Download-Options","value":"noopen"},{"name":"X-Frame-Options","value":"SAMEORIGIN"},{"name":"X-Permitted-Cross-Domain-Policies","value":"none"},{"name":"X-XSS-Protection","value":"0"},{"name":"Vary","value":"Origin"},{"name":"Access-Control-Allow-Credentials","value":"true"},{"name":"Content-Type","value":"application/json; charset=utf-8"},{"name":"Content-Length","value":"181"},{"name":"ETag","value":"W/\"b5-vnVOcj4spIJCf9QtUUy7roS93nA\""},{"name":"Date","value":"Tue, 14 Jul 2026 08:18:06 GMT"},{"name":"Connection","value":"keep-alive"},{"name":"Keep-Alive","value":"timeout=5"}],"serverAddr":{"ipAddress":"::1","port":3000},"fetchUid":"213a7d1bfb35599b13f3819b6fb0ca44"}}}
{"type":"before","callId":"call@13","startTime":749655.795,"class":"APIRequestContext","method":"fetch","params":{"url":"http://localhost:3000/api/v1/auth/login/challenge","method":"POST","headers":[{"name":"x-pw-encoding","value":"plain"},{"name":"Content-Type","value":"application/json"}],"jsonData":"{\"email\":\"arjun.test@kanaku.app\",\"password\":\"example-Test-password-123!\"}","timeout":15000},"stepId":"pw:api@36"}
{"type":"log","callId":"call@13","time":749660.453,"message":"→ POST http://localhost:3000/api/v1/auth/login/challenge"}
{"type":"log","callId":"call@13","time":749660.543,"message":"  user-agent: Mozilla/5.0 (Windows NT 10.0; Win64; x64) AppleWebKit/537.36 (KHTML, like Gecko) Chrome/149.0.7827.55 Safari/537.36"}
{"type":"log","callId":"call@13","time":749660.575,"message":"  accept: */*"}
{"type":"log","callId":"call@13","time":749660.597,"message":"  accept-encoding: gzip,deflate,br"}
{"type":"log","callId":"call@13","time":749660.619,"message":"  x-pw-encoding: plain"}
{"type":"log","callId":"call@13","time":749660.64,"message":"  Content-Type: application/json"}
{"type":"log","callId":"call@13","time":749660.662,"message":"  content-length: 73"}
{"type":"log","callId":"call@13","time":750780.164,"message":"← 200 OK"}
{"type":"log","callId":"call@13","time":750780.219,"message":"  x-request-id: 963913cf-4784-416c-a5ca-a97df345e656"}
{"type":"log","callId":"call@13","time":750780.259,"message":"  content-security-policy: default-src 'self';style-src 'self' 'unsafe-inline' https://fonts.googleapis.com;script-src 'self' 'unsafe-inline' 'unsafe-eval';font-src 'self' data: https://fonts.gstatic.com;img-src 'self' data: blob: https://*.supabase.co;connect-src 'self' https://*.supabase.co wss: https:;object-src 'none';frame-ancestors 'none';base-uri 'self';form-action 'self';script-src-attr 'none';upgrade-insecure-requests"}
{"type":"log","callId":"call@13","time":750780.286,"message":"  cross-origin-opener-policy: same-origin"}
{"type":"log","callId":"call@13","time":750780.308,"message":"  cross-origin-resource-policy: same-origin"}
{"type":"log","callId":"call@13","time":750780.33,"message":"  origin-agent-cluster: ?1"}
{"type":"log","callId":"call@13","time":750780.349,"message":"  referrer-policy: strict-origin-when-cross-origin"}
{"type":"log","callId":"call@13","time":750780.37,"message":"  x-content-type-options: nosniff"}
{"type":"log","callId":"call@13","time":750780.392,"message":"  x-dns-prefetch-control: off"}
{"type":"log","callId":"call@13","time":750780.412,"message":"  x-download-options: noopen"}
{"type":"log","callId":"call@13","time":750780.466,"message":"  x-frame-options: SAMEORIGIN"}
{"type":"log","callId":"call@13","time":750780.489,"message":"  x-permitted-cross-domain-policies: none"}
{"type":"log","callId":"call@13","time":750780.51,"message":"  x-xss-protection: 0"}
{"type":"log","callId":"call@13","time":750780.533,"message":"  vary: Origin"}
{"type":"log","callId":"call@13","time":750780.554,"message":"  access-control-allow-credentials: true"}
{"type":"log","callId":"call@13","time":750780.574,"message":"  content-type: application/json; charset=utf-8"}
{"type":"log","callId":"call@13","time":750780.595,"message":"  content-length: 97"}
{"type":"log","callId":"call@13","time":750780.616,"message":"  etag: W/\"61-MqXwojui76SuIVDcoubbVq9a2MA\""}
{"type":"log","callId":"call@13","time":750780.639,"message":"  date: Tue, 14 Jul 2026 08:18:07 GMT"}
{"type":"log","callId":"call@13","time":750780.661,"message":"  connection: keep-alive"}
{"type":"log","callId":"call@13","time":750780.684,"message":"  keep-alive: timeout=5"}
{"type":"after","callId":"call@13","endTime":750781.147,"result":{"response":{"url":"http://localhost:3000/api/v1/auth/login/challenge","status":200,"statusText":"OK","headers":[{"name":"X-Request-Id","value":"963913cf-4784-416c-a5ca-a97df345e656"},{"name":"Content-Security-Policy","value":"default-src 'self';style-src 'self' 'unsafe-inline' https://fonts.googleapis.com;script-src 'self' 'unsafe-inline' 'unsafe-eval';font-src 'self' data: https://fonts.gstatic.com;img-src 'self' data: blob: https://*.supabase.co;connect-src 'self' https://*.supabase.co wss: https:;object-src 'none';frame-ancestors 'none';base-uri 'self';form-action 'self';script-src-attr 'none';upgrade-insecure-requests"},{"name":"Cross-Origin-Opener-Policy","value":"same-origin"},{"name":"Cross-Origin-Resource-Policy","value":"same-origin"},{"name":"Origin-Agent-Cluster","value":"?1"},{"name":"Referrer-Policy","value":"strict-origin-when-cross-origin"},{"name":"X-Content-Type-Options","value":"nosniff"},{"name":"X-DNS-Prefetch-Control","value":"off"},{"name":"X-Download-Options","value":"noopen"},{"name":"X-Frame-Options","value":"SAMEORIGIN"},{"name":"X-Permitted-Cross-Domain-Policies","value":"none"},{"name":"X-XSS-Protection","value":"0"},{"name":"Vary","value":"Origin"},{"name":"Access-Control-Allow-Credentials","value":"true"},{"name":"Content-Type","value":"application/json; charset=utf-8"},{"name":"Content-Length","value":"97"},{"name":"ETag","value":"W/\"61-MqXwojui76SuIVDcoubbVq9a2MA\""},{"name":"Date","value":"Tue, 14 Jul 2026 08:18:07 GMT"},{"name":"Connection","value":"keep-alive"},{"name":"Keep-Alive","value":"timeout=5"}],"serverAddr":{"ipAddress":"::1","port":3000},"fetchUid":"b817a9cced9d6570874f8775fb458483"}}}
{"type":"before","callId":"call@16","startTime":750791.555,"class":"APIRequestContext","method":"fetch","params":{"url":"http://localhost:3000/api/v1/auth/login","method":"POST","headers":[{"name":"Content-Type","value":"application/json"}],"jsonData":"{\"email\":\"arjun.test@kanaku.app\",\"challengeCode\":\"985241\"}","timeout":15000},"stepId":"pw:api@37"}
{"type":"log","callId":"call@16","time":750797.512,"message":"→ POST http://localhost:3000/api/v1/auth/login"}
{"type":"log","callId":"call@16","time":750797.579,"message":"  user-agent: Mozilla/5.0 (Windows NT 10.0; Win64; x64) AppleWebKit/537.36 (KHTML, like Gecko) Chrome/149.0.7827.55 Safari/537.36"}
{"type":"log","callId":"call@16","time":750797.6,"message":"  accept: */*"}
{"type":"log","callId":"call@16","time":750797.617,"message":"  accept-encoding: gzip,deflate,br"}
{"type":"log","callId":"call@16","time":750797.635,"message":"  Content-Type: application/json"}
{"type":"log","callId":"call@16","time":750797.649,"message":"  content-length: 58"}
{"type":"log","callId":"call@16","time":751492.57,"message":"← 200 OK"}
{"type":"log","callId":"call@16","time":751492.625,"message":"  x-request-id: 8acbdccf-588a-4f99-ad3a-dd24f967530b"}
{"type":"log","callId":"call@16","time":751492.655,"message":"  content-security-policy: default-src 'self';style-src 'self' 'unsafe-inline' https://fonts.googleapis.com;script-src 'self' 'unsafe-inline' 'unsafe-eval';font-src 'self' data: https://fonts.gstatic.com;img-src 'self' data: blob: https://*.supabase.co;connect-src 'self' https://*.supabase.co wss: https:;object-src 'none';frame-ancestors 'none';base-uri 'self';form-action 'self';script-src-attr 'none';upgrade-insecure-requests"}
{"type":"log","callId":"call@16","time":751492.673,"message":"  cross-origin-opener-policy: same-origin"}
{"type":"log","callId":"call@16","time":751492.689,"message":"  cross-origin-resource-policy: same-origin"}
{"type":"log","callId":"call@16","time":751492.705,"message":"  origin-agent-cluster: ?1"}
{"type":"log","callId":"call@16","time":751492.72,"message":"  referrer-policy: strict-origin-when-cross-origin"}
{"type":"log","callId":"call@16","time":751492.736,"message":"  x-content-type-options: nosniff"}
{"type":"log","callId":"call@16","time":751492.752,"message":"  x-dns-prefetch-control: off"}
{"type":"log","callId":"call@16","time":751492.769,"message":"  x-download-options: noopen"}
{"type":"log","callId":"call@16","time":751492.785,"message":"  x-frame-options: SAMEORIGIN"}
{"type":"log","callId":"call@16","time":751492.801,"message":"  x-permitted-cross-domain-policies: none"}
{"type":"log","callId":"call@16","time":751492.817,"message":"  x-xss-protection: 0"}
{"type":"log","callId":"call@16","time":751492.834,"message":"  vary: Origin"}
{"type":"log","callId":"call@16","time":751492.851,"message":"  access-control-allow-credentials: true"}
{"type":"log","callId":"call@16","time":751492.868,"message":"  authorization: Bearer eyJhbGciOiJIUzI1NiIsInR5cCI6IkpXVCJ9.eyJ1c2VySWQiOiI1OTRmNjkwYS00YzQwLTQ5MTktYmM3NS1lZjIzZDA3MmM0Y2UiLCJlbWFpbCI6ImFyanVuLnRlc3RAa2FuYWt1LmFwcCIsInJvbGUiOiJ1c2VyIiwiaXNBcHByb3ZlZCI6dHJ1ZSwidHlwZSI6ImFjY2VzcyIsImlhdCI6MTc4NDAxNzA4OCwiZXhwIjoxNzg0MDE3OTg4fQ.-4ccY1pNKCHyTZrLVxwHJpxHUkJ_0Zx9DC7dp-qh7As"}
{"type":"log","callId":"call@16","time":751492.886,"message":"  set-cookie: kanaku_rt=eyJhbGciOiJIUzI1NiIsInR5cCI6IkpXVCJ9.eyJ1c2VySWQiOiI1OTRmNjkwYS00YzQwLTQ5MTktYmM3NS1lZjIzZDA3MmM0Y2UiLCJlbWFpbCI6ImFyanVuLnRlc3RAa2FuYWt1LmFwcCIsInJvbGUiOiJ1c2VyIiwiaXNBcHByb3ZlZCI6dHJ1ZSwidHlwZSI6InJlZnJlc2giLCJpYXQiOjE3ODQwMTcwODgsImV4cCI6MTc4NDYyMTg4OH0.Ohj9K7VKJLE9HYr4XUDIoJnNlRLi556swAYK_QQjbPo; Max-Age=604800; Path=/api/v1/auth; Expires=Tue, 21 Jul 2026 08:18:08 GMT; HttpOnly; SameSite=Lax"}
{"type":"log","callId":"call@16","time":751492.903,"message":"  content-type: application/json; charset=utf-8"}
{"type":"log","callId":"call@16","time":751492.92,"message":"  content-length: 535"}
{"type":"log","callId":"call@16","time":751492.938,"message":"  etag: W/\"217-ehiaLbDtLBCAlhjj6G4ygpvWXrk\""}
{"type":"log","callId":"call@16","time":751492.957,"message":"  date: Tue, 14 Jul 2026 08:18:08 GMT"}
{"type":"log","callId":"call@16","time":751492.974,"message":"  connection: keep-alive"}
{"type":"log","callId":"call@16","time":751492.991,"message":"  keep-alive: timeout=5"}
{"type":"after","callId":"call@16","endTime":751498.398,"result":{"response":{"url":"http://localhost:3000/api/v1/auth/login","status":200,"statusText":"OK","headers":[{"name":"X-Request-Id","value":"8acbdccf-588a-4f99-ad3a-dd24f967530b"},{"name":"Content-Security-Policy","value":"default-src 'self';style-src 'self' 'unsafe-inline' https://fonts.googleapis.com;script-src 'self' 'unsafe-inline' 'unsafe-eval';font-src 'self' data: https://fonts.gstatic.com;img-src 'self' data: blob: https://*.supabase.co;connect-src 'self' https://*.supabase.co wss: https:;object-src 'none';frame-ancestors 'none';base-uri 'self';form-action 'self';script-src-attr 'none';upgrade-insecure-requests"},{"name":"Cross-Origin-Opener-Policy","value":"same-origin"},{"name":"Cross-Origin-Resource-Policy","value":"same-origin"},{"name":"Origin-Agent-Cluster","value":"?1"},{"name":"Referrer-Policy","value":"strict-origin-when-cross-origin"},{"name":"X-Content-Type-Options","value":"nosniff"},{"name":"X-DNS-Prefetch-Control","value":"off"},{"name":"X-Download-Options","value":"noopen"},{"name":"X-Frame-Options","value":"SAMEORIGIN"},{"name":"X-Permitted-Cross-Domain-Policies","value":"none"},{"name":"X-XSS-Protection","value":"0"},{"name":"Vary","value":"Origin"},{"name":"Access-Control-Allow-Credentials","value":"true"},{"name":"Authorization","value":"Bearer eyJhbGciOiJIUzI1NiIsInR5cCI6IkpXVCJ9.eyJ1c2VySWQiOiI1OTRmNjkwYS00YzQwLTQ5MTktYmM3NS1lZjIzZDA3MmM0Y2UiLCJlbWFpbCI6ImFyanVuLnRlc3RAa2FuYWt1LmFwcCIsInJvbGUiOiJ1c2VyIiwiaXNBcHByb3ZlZCI6dHJ1ZSwidHlwZSI6ImFjY2VzcyIsImlhdCI6MTc4NDAxNzA4OCwiZXhwIjoxNzg0MDE3OTg4fQ.-4ccY1pNKCHyTZrLVxwHJpxHUkJ_0Zx9DC7dp-qh7As"},{"name":"Set-Cookie","value":"kanaku_rt=eyJhbGciOiJIUzI1NiIsInR5cCI6IkpXVCJ9.eyJ1c2VySWQiOiI1OTRmNjkwYS00YzQwLTQ5MTktYmM3NS1lZjIzZDA3MmM0Y2UiLCJlbWFpbCI6ImFyanVuLnRlc3RAa2FuYWt1LmFwcCIsInJvbGUiOiJ1c2VyIiwiaXNBcHByb3ZlZCI6dHJ1ZSwidHlwZSI6InJlZnJlc2giLCJpYXQiOjE3ODQwMTcwODgsImV4cCI6MTc4NDYyMTg4OH0.Ohj9K7VKJLE9HYr4XUDIoJnNlRLi556swAYK_QQjbPo; Max-Age=604800; Path=/api/v1/auth; Expires=Tue, 21 Jul 2026 08:18:08 GMT; HttpOnly; SameSite=Lax"},{"name":"Content-Type","value":"application/json; charset=utf-8"},{"name":"Content-Length","value":"535"},{"name":"ETag","value":"W/\"217-ehiaLbDtLBCAlhjj6G4ygpvWXrk\""},{"name":"Date","value":"Tue, 14 Jul 2026 08:18:08 GMT"},{"name":"Connection","value":"keep-alive"},{"name":"Keep-Alive","value":"timeout=5"}],"serverAddr":{"ipAddress":"::1","port":3000},"fetchUid":"a09b134e55c84e1abd8138ad10659387"}}}
{"type":"before","callId":"call@19","startTime":751508.104,"class":"APIRequestContext","method":"fetch","params":{"url":"http://localhost:3000/api/v1/accounts","method":"POST","headers":[{"name":"Authorization","value":"Bearer eyJhbGciOiJIUzI1NiIsInR5cCI6IkpXVCJ9.eyJ1c2VySWQiOiI1OTRmNjkwYS00YzQwLTQ5MTktYmM3NS1lZjIzZDA3MmM0Y2UiLCJlbWFpbCI6ImFyanVuLnRlc3RAa2FuYWt1LmFwcCIsInJvbGUiOiJ1c2VyIiwiaXNBcHByb3ZlZCI6dHJ1ZSwidHlwZSI6ImFjY2VzcyIsImlhdCI6MTc4NDAxNzA4OCwiZXhwIjoxNzg0MDE3OTg4fQ.-4ccY1pNKCHyTZrLVxwHJpxHUkJ_0Zx9DC7dp-qh7As"},{"name":"Content-Type","value":"application/json"}],"jsonData":"{\"name\":\"Savings Account\",\"type\":\"bank\",\"balance\":50000,\"currency\":\"INR\",\"clientRequestId\":\"test-acct-arjun.test@kanaku.app\"}","timeout":15000},"stepId":"pw:api@38"}
{"type":"log","callId":"call@19","time":751514.614,"message":"→ POST http://localhost:3000/api/v1/accounts"}
{"type":"log","callId":"call@19","time":751514.683,"message":"  user-agent: Mozilla/5.0 (Windows NT 10.0; Win64; x64) AppleWebKit/537.36 (KHTML, like Gecko) Chrome/149.0.7827.55 Safari/537.36"}
{"type":"log","callId":"call@19","time":751514.718,"message":"  accept: */*"}
{"type":"log","callId":"call@19","time":751514.736,"message":"  accept-encoding: gzip,deflate,br"}
{"type":"log","callId":"call@19","time":751514.753,"message":"  Authorization: Bearer eyJhbGciOiJIUzI1NiIsInR5cCI6IkpXVCJ9.eyJ1c2VySWQiOiI1OTRmNjkwYS00YzQwLTQ5MTktYmM3NS1lZjIzZDA3MmM0Y2UiLCJlbWFpbCI6ImFyanVuLnRlc3RAa2FuYWt1LmFwcCIsInJvbGUiOiJ1c2VyIiwiaXNBcHByb3ZlZCI6dHJ1ZSwidHlwZSI6ImFjY2VzcyIsImlhdCI6MTc4NDAxNzA4OCwiZXhwIjoxNzg0MDE3OTg4fQ.-4ccY1pNKCHyTZrLVxwHJpxHUkJ_0Zx9DC7dp-qh7As"}
{"type":"log","callId":"call@19","time":751514.78,"message":"  Content-Type: application/json"}
{"type":"log","callId":"call@19","time":751514.798,"message":"  content-length: 125"}
{"type":"log","callId":"call@19","time":753517.135,"message":"← 201 Created"}
{"type":"log","callId":"call@19","time":753517.16,"message":"  x-request-id: 06d7e90c-32dc-4945-82fb-113bbea023fe"}
{"type":"log","callId":"call@19","time":753517.171,"message":"  content-security-policy: default-src 'self';style-src 'self' 'unsafe-inline' https://fonts.googleapis.com;script-src 'self' 'unsafe-inline' 'unsafe-eval';font-src 'self' data: https://fonts.gstatic.com;img-src 'self' data: blob: https://*.supabase.co;connect-src 'self' https://*.supabase.co wss: https:;object-src 'none';frame-ancestors 'none';base-uri 'self';form-action 'self';script-src-attr 'none';upgrade-insecure-requests"}
{"type":"log","callId":"call@19","time":753517.18,"message":"  cross-origin-opener-policy: same-origin"}
{"type":"log","callId":"call@19","time":753517.187,"message":"  cross-origin-resource-policy: same-origin"}
{"type":"log","callId":"call@19","time":753517.194,"message":"  origin-agent-cluster: ?1"}
{"type":"log","callId":"call@19","time":753517.202,"message":"  referrer-policy: strict-origin-when-cross-origin"}
{"type":"log","callId":"call@19","time":753517.21,"message":"  x-content-type-options: nosniff"}
{"type":"log","callId":"call@19","time":753517.217,"message":"  x-dns-prefetch-control: off"}
{"type":"log","callId":"call@19","time":753517.225,"message":"  x-download-options: noopen"}
{"type":"log","callId":"call@19","time":753517.232,"message":"  x-frame-options: SAMEORIGIN"}
{"type":"log","callId":"call@19","time":753517.24,"message":"  x-permitted-cross-domain-policies: none"}
{"type":"log","callId":"call@19","time":753517.247,"message":"  x-xss-protection: 0"}
{"type":"log","callId":"call@19","time":753517.255,"message":"  vary: Origin"}
{"type":"log","callId":"call@19","time":753517.263,"message":"  access-control-allow-credentials: true"}
{"type":"log","callId":"call@19","time":753517.27,"message":"  content-type: application/json; charset=utf-8"}
{"type":"log","callId":"call@19","time":753517.278,"message":"  content-length: 448"}
{"type":"log","callId":"call@19","time":753517.285,"message":"  etag: W/\"1c0-PQspHGtufdMVIEEErFtZiJ6M9u8\""}
{"type":"log","callId":"call@19","time":753517.294,"message":"  date: Tue, 14 Jul 2026 08:18:10 GMT"}
{"type":"log","callId":"call@19","time":753517.301,"message":"  connection: keep-alive"}
{"type":"log","callId":"call@19","time":753517.309,"message":"  keep-alive: timeout=5"}
{"type":"after","callId":"call@19","endTime":753517.574,"result":{"response":{"url":"http://localhost:3000/api/v1/accounts","status":201,"statusText":"Created","headers":[{"name":"X-Request-Id","value":"06d7e90c-32dc-4945-82fb-113bbea023fe"},{"name":"Content-Security-Policy","value":"default-src 'self';style-src 'self' 'unsafe-inline' https://fonts.googleapis.com;script-src 'self' 'unsafe-inline' 'unsafe-eval';font-src 'self' data: https://fonts.gstatic.com;img-src 'self' data: blob: https://*.supabase.co;connect-src 'self' https://*.supabase.co wss: https:;object-src 'none';frame-ancestors 'none';base-uri 'self';form-action 'self';script-src-attr 'none';upgrade-insecure-requests"},{"name":"Cross-Origin-Opener-Policy","value":"same-origin"},{"name":"Cross-Origin-Resource-Policy","value":"same-origin"},{"name":"Origin-Agent-Cluster","value":"?1"},{"name":"Referrer-Policy","value":"strict-origin-when-cross-origin"},{"name":"X-Content-Type-Options","value":"nosniff"},{"name":"X-DNS-Prefetch-Control","value":"off"},{"name":"X-Download-Options","value":"noopen"},{"name":"X-Frame-Options","value":"SAMEORIGIN"},{"name":"X-Permitted-Cross-Domain-Policies","value":"none"},{"name":"X-XSS-Protection","value":"0"},{"name":"Vary","value":"Origin"},{"name":"Access-Control-Allow-Credentials","value":"true"},{"name":"Content-Type","value":"application/json; charset=utf-8"},{"name":"Content-Length","value":"448"},{"name":"ETag","value":"W/\"1c0-PQspHGtufdMVIEEErFtZiJ6M9u8\""},{"name":"Date","value":"Tue, 14 Jul 2026 08:18:10 GMT"},{"name":"Connection","value":"keep-alive"},{"name":"Keep-Alive","value":"timeout=5"}],"serverAddr":{"ipAddress":"::1","port":3000},"fetchUid":"b57f2d19b80abe8c1233918ea4ac7418"}}}
{"type":"before","callId":"call@21","startTime":753521.486,"class":"Frame","method":"goto","params":{"url":"http://localhost:9002","timeout":60000,"waitUntil":"domcontentloaded"},"stepId":"pw:api@39","pageId":"page@73ebdceec9b0d20b8f761fd6d5fbfca9","beforeSnapshot":"before@call@21"}
{"type":"frame-snapshot","snapshot":{"callId":"call@21","snapshotName":"before@call@21","pageId":"page@73ebdceec9b0d20b8f761fd6d5fbfca9","frameId":"frame@68fd99824f759eb0a3b0144da969d374","frameUrl":"about:blank","html":[[2,3]],"viewport":{"width":375,"height":812},"timestamp":753525.001,"wallTime":1784017090167,"collectionTime":0.5,"resourceOverrides":[],"isMainFrame":true}}
